+ cd /home/jiliang.ljl/project/zvec
+ export PYTHONPATH=/tmp/zvec-pypath
+ PYTHONPATH=/tmp/zvec-pypath
+ export ZVEC_BENCH_PYTHON=/home/jiliang.ljl/.conda/envs/venv/bin/python
+ ZVEC_BENCH_PYTHON=/home/jiliang.ljl/.conda/envs/venv/bin/python
+ export ZVEC_BENCH_CPUS=0,2,4,6,8,10,12,14
+ ZVEC_BENCH_CPUS=0,2,4,6,8,10,12,14
+ export ZVEC_BENCH_BUILD_THREADS=8
+ ZVEC_BENCH_BUILD_THREADS=8
+ export ZVEC_BENCH_SEARCH_THREADS=1,4,8,16
+ ZVEC_BENCH_SEARCH_THREADS=1,4,8,16
+ export ZVEC_BENCH_DURATION_SECONDS=10
+ ZVEC_BENCH_DURATION_SECONDS=10
+ export ZVEC_BENCH_REPEATS=3
+ ZVEC_BENCH_REPEATS=3
+ export ZVEC_BENCH_WARMUP_QUERIES=1000
+ ZVEC_BENCH_WARMUP_QUERIES=1000
+ R=tools/benchmark/hnsw_rabitq_vs_es/run_comparison.sh
+ ROOT=/home/jiliang.ljl/benchmark-results/2026-08-11/hnsw_rabitq
+ run_rescore cohere /data/cohere_medium_1m cohere-medium-1m-hnsw-bbq
+ local tag=cohere dataset=/data/cohere_medium_1m es_index=cohere-medium-1m-hnsw-bbq
+ export ZVEC_BENCH_DATASET=/data/cohere_medium_1m
+ ZVEC_BENCH_DATASET=/data/cohere_medium_1m
+ export ZVEC_BENCH_ES_INDEX=cohere-medium-1m-hnsw-bbq
+ ZVEC_BENCH_ES_INDEX=cohere-medium-1m-hnsw-bbq
+ export ZVEC_BENCH_WORK_DIR=/home/jiliang.ljl/benchmark-results/2026-08-11/hnsw_rabitq/cohere/one-bit
+ ZVEC_BENCH_WORK_DIR=/home/jiliang.ljl/benchmark-results/2026-08-11/hnsw_rabitq/cohere/one-bit
+ for ov in 2 3 5
+ local vals=32,64,128,256,512,1000,2000
+ '[' 2 = 5 ']'
+ bash tools/benchmark/hnsw_rabitq_vs_es/run_comparison.sh search --engines elasticsearch --es-rescore-oversample 2 --search-values 32,64,128,256,512,1000,2000
ACTION=search
DATASET=/data/cohere_medium_1m
WORK_DIR=/home/jiliang.ljl/benchmark-results/2026-08-11/hnsw_rabitq/cohere/one-bit
BENCH_CPUS=0,2,4,6,8,10,12,14
PYTHON=/home/jiliang.ljl/.conda/envs/venv/bin/python
ENGINES=elasticsearch
ES_URL=http://127.0.0.1:19200
ES_INDEX=cohere-medium-1m-hnsw-bbq
ZVEC_TOTAL_BITS=1
ZVEC_REFINE=0
ES_RESCORE_OVERSAMPLE=2
ALLOW_DATASET_RELOCATION=0
Elasticsearch container is already running: zvec-es-bbq-benchmark-8-18
Elasticsearch is ready: http://127.0.0.1:19200
+ taskset -c 0\,2\,4\,6\,8\,10\,12\,14 /home/jiliang.ljl/.conda/envs/venv/bin/python /home/jiliang.ljl/project/zvec/tools/benchmark/hnsw_rabitq_vs_es/benchmark.py --dataset /data/cohere_medium_1m --work-dir /home/jiliang.ljl/benchmark-results/2026-08-11/hnsw_rabitq/cohere/one-bit --m 16 --ef-construction 100 --build-threads 8 --search-values 32\,64\,128\,256\,512\,1000\,2000 --search-threads 1\,4\,8\,16 --duration-seconds 10 --repeats 3 --warmup-queries 1000 --mode search --engines elasticsearch --es-url http://127.0.0.1:19200 --es-index cohere-medium-1m-hnsw-bbq --es-rescore-oversample 2
{
  "dataset": {
    "base_count": 1000000,
    "dataset_format": "cohere-parquet",
    "dimension": 768,
    "distance": "cosine",
    "file_size": 3141255740,
    "groundtruth_k": 1000,
    "mtime_ns": 1786017921272628600,
    "path": "/data/cohere_medium_1m",
    "query_count": 1000,
    "sha256": "4565da2063dd0966fa4ce7fd52fd5981b93bc72479bfb628bc1f7b4465e601d8"
  }
}
elasticsearch threads= 1 num_candidates=  32 qps=    632.32 recall@10=0.9018
elasticsearch threads= 1 num_candidates=  64 qps=    574.45 recall@10=0.9321
elasticsearch threads= 1 num_candidates= 128 qps=    439.91 recall@10=0.9529
elasticsearch threads= 1 num_candidates= 256 qps=    300.04 recall@10=0.9690
elasticsearch threads= 1 num_candidates= 512 qps=    189.83 recall@10=0.9779
elasticsearch threads= 1 num_candidates=1000 qps=    114.68 recall@10=0.9845
elasticsearch threads= 1 num_candidates=2000 qps=     64.22 recall@10=0.9893
elasticsearch threads= 4 num_candidates=  32 qps=   1410.73 recall@10=0.9018
elasticsearch threads= 4 num_candidates=  64 qps=   1349.38 recall@10=0.9321
elasticsearch threads= 4 num_candidates= 128 qps=   1227.37 recall@10=0.9529
elasticsearch threads= 4 num_candidates= 256 qps=    984.14 recall@10=0.9690
elasticsearch threads= 4 num_candidates= 512 qps=    713.14 recall@10=0.9779
elasticsearch threads= 4 num_candidates=1000 qps=    468.66 recall@10=0.9845
elasticsearch threads= 4 num_candidates=2000 qps=    274.00 recall@10=0.9893
elasticsearch threads= 8 num_candidates=  32 qps=   1470.17 recall@10=0.9018
elasticsearch threads= 8 num_candidates=  64 qps=   1459.15 recall@10=0.9321
elasticsearch threads= 8 num_candidates= 128 qps=   1443.55 recall@10=0.9529
elasticsearch threads= 8 num_candidates= 256 qps=   1398.92 recall@10=0.9690
elasticsearch threads= 8 num_candidates= 512 qps=   1173.19 recall@10=0.9779
elasticsearch threads= 8 num_candidates=1000 qps=    816.73 recall@10=0.9845
elasticsearch threads= 8 num_candidates=2000 qps=    499.82 recall@10=0.9893
elasticsearch threads=16 num_candidates=  32 qps=   1482.55 recall@10=0.9018
elasticsearch threads=16 num_candidates=  64 qps=   1481.67 recall@10=0.9321
elasticsearch threads=16 num_candidates= 128 qps=   1480.91 recall@10=0.9529
elasticsearch threads=16 num_candidates= 256 qps=   1465.19 recall@10=0.9690
elasticsearch threads=16 num_candidates= 512 qps=   1329.82 recall@10=0.9779
elasticsearch threads=16 num_candidates=1000 qps=    912.67 recall@10=0.9845
elasticsearch threads=16 num_candidates=2000 qps=    557.17 recall@10=0.9893
+ echo RESCORE_DONE_cohere_ov2
RESCORE_DONE_cohere_ov2
+ for ov in 2 3 5
+ local vals=32,64,128,256,512,1000,2000
+ '[' 3 = 5 ']'
+ bash tools/benchmark/hnsw_rabitq_vs_es/run_comparison.sh search --engines elasticsearch --es-rescore-oversample 3 --search-values 32,64,128,256,512,1000,2000
ACTION=search
DATASET=/data/cohere_medium_1m
WORK_DIR=/home/jiliang.ljl/benchmark-results/2026-08-11/hnsw_rabitq/cohere/one-bit
BENCH_CPUS=0,2,4,6,8,10,12,14
PYTHON=/home/jiliang.ljl/.conda/envs/venv/bin/python
ENGINES=elasticsearch
ES_URL=http://127.0.0.1:19200
ES_INDEX=cohere-medium-1m-hnsw-bbq
ZVEC_TOTAL_BITS=1
ZVEC_REFINE=0
ES_RESCORE_OVERSAMPLE=3
ALLOW_DATASET_RELOCATION=0
Elasticsearch container is already running: zvec-es-bbq-benchmark-8-18
Elasticsearch is ready: http://127.0.0.1:19200
+ taskset -c 0\,2\,4\,6\,8\,10\,12\,14 /home/jiliang.ljl/.conda/envs/venv/bin/python /home/jiliang.ljl/project/zvec/tools/benchmark/hnsw_rabitq_vs_es/benchmark.py --dataset /data/cohere_medium_1m --work-dir /home/jiliang.ljl/benchmark-results/2026-08-11/hnsw_rabitq/cohere/one-bit --m 16 --ef-construction 100 --build-threads 8 --search-values 32\,64\,128\,256\,512\,1000\,2000 --search-threads 1\,4\,8\,16 --duration-seconds 10 --repeats 3 --warmup-queries 1000 --mode search --engines elasticsearch --es-url http://127.0.0.1:19200 --es-index cohere-medium-1m-hnsw-bbq --es-rescore-oversample 3
{
  "dataset": {
    "base_count": 1000000,
    "dataset_format": "cohere-parquet",
    "dimension": 768,
    "distance": "cosine",
    "file_size": 3141255740,
    "groundtruth_k": 1000,
    "mtime_ns": 1786017921272628600,
    "path": "/data/cohere_medium_1m",
    "query_count": 1000,
    "sha256": "4565da2063dd0966fa4ce7fd52fd5981b93bc72479bfb628bc1f7b4465e601d8"
  }
}
elasticsearch threads= 1 num_candidates=  32 qps=    656.55 recall@10=0.9239
elasticsearch threads= 1 num_candidates=  64 qps=    510.37 recall@10=0.9459
elasticsearch threads= 1 num_candidates= 128 qps=    362.80 recall@10=0.9635
elasticsearch threads= 1 num_candidates= 256 qps=    236.01 recall@10=0.9750
elasticsearch threads= 1 num_candidates= 512 qps=    142.50 recall@10=0.9823
elasticsearch threads= 1 num_candidates=1000 qps=     83.56 recall@10=0.9878
elasticsearch threads= 1 num_candidates=2000 qps=     46.76 recall@10=0.9910
elasticsearch threads= 4 num_candidates=  32 qps=   1372.89 recall@10=0.9239
elasticsearch threads= 4 num_candidates=  64 qps=   1291.76 recall@10=0.9459
elasticsearch threads= 4 num_candidates= 128 qps=   1074.39 recall@10=0.9635
elasticsearch threads= 4 num_candidates= 256 qps=    821.21 recall@10=0.9750
elasticsearch threads= 4 num_candidates= 512 qps=    563.22 recall@10=0.9823
elasticsearch threads= 4 num_candidates=1000 qps=    347.53 recall@10=0.9878
elasticsearch threads= 4 num_candidates=2000 qps=    175.06 recall@10=0.9910
elasticsearch threads= 8 num_candidates=  32 qps=   1464.06 recall@10=0.9239
elasticsearch threads= 8 num_candidates=  64 qps=   1444.58 recall@10=0.9459
elasticsearch threads= 8 num_candidates= 128 qps=   1416.65 recall@10=0.9635
elasticsearch threads= 8 num_candidates= 256 qps=   1215.02 recall@10=0.9750
elasticsearch threads= 8 num_candidates= 512 qps=    912.82 recall@10=0.9823
elasticsearch threads= 8 num_candidates=1000 qps=    551.33 recall@10=0.9878
elasticsearch threads= 8 num_candidates=2000 qps=    339.11 recall@10=0.9910
elasticsearch threads=16 num_candidates=  32 qps=   1472.84 recall@10=0.9239
elasticsearch threads=16 num_candidates=  64 qps=   1467.50 recall@10=0.9459
elasticsearch threads=16 num_candidates= 128 qps=   1459.63 recall@10=0.9635
elasticsearch threads=16 num_candidates= 256 qps=   1387.97 recall@10=0.9750
elasticsearch threads=16 num_candidates= 512 qps=    999.40 recall@10=0.9823
elasticsearch threads=16 num_candidates=1000 qps=    622.51 recall@10=0.9878
elasticsearch threads=16 num_candidates=2000 qps=    379.27 recall@10=0.9910
+ echo RESCORE_DONE_cohere_ov3
RESCORE_DONE_cohere_ov3
+ for ov in 2 3 5
+ local vals=32,64,128,256,512,1000,2000
+ '[' 5 = 5 ']'
+ vals=64,128,256,512,1000,2000
+ bash tools/benchmark/hnsw_rabitq_vs_es/run_comparison.sh search --engines elasticsearch --es-rescore-oversample 5 --search-values 64,128,256,512,1000,2000
ACTION=search
DATASET=/data/cohere_medium_1m
WORK_DIR=/home/jiliang.ljl/benchmark-results/2026-08-11/hnsw_rabitq/cohere/one-bit
BENCH_CPUS=0,2,4,6,8,10,12,14
PYTHON=/home/jiliang.ljl/.conda/envs/venv/bin/python
ENGINES=elasticsearch
ES_URL=http://127.0.0.1:19200
ES_INDEX=cohere-medium-1m-hnsw-bbq
ZVEC_TOTAL_BITS=1
ZVEC_REFINE=0
ES_RESCORE_OVERSAMPLE=5
ALLOW_DATASET_RELOCATION=0
Elasticsearch container is already running: zvec-es-bbq-benchmark-8-18
Elasticsearch is ready: http://127.0.0.1:19200
+ taskset -c 0\,2\,4\,6\,8\,10\,12\,14 /home/jiliang.ljl/.conda/envs/venv/bin/python /home/jiliang.ljl/project/zvec/tools/benchmark/hnsw_rabitq_vs_es/benchmark.py --dataset /data/cohere_medium_1m --work-dir /home/jiliang.ljl/benchmark-results/2026-08-11/hnsw_rabitq/cohere/one-bit --m 16 --ef-construction 100 --build-threads 8 --search-values 64\,128\,256\,512\,1000\,2000 --search-threads 1\,4\,8\,16 --duration-seconds 10 --repeats 3 --warmup-queries 1000 --mode search --engines elasticsearch --es-url http://127.0.0.1:19200 --es-index cohere-medium-1m-hnsw-bbq --es-rescore-oversample 5
{
  "dataset": {
    "base_count": 1000000,
    "dataset_format": "cohere-parquet",
    "dimension": 768,
    "distance": "cosine",
    "file_size": 3141255740,
    "groundtruth_k": 1000,
    "mtime_ns": 1786017921272628600,
    "path": "/data/cohere_medium_1m",
    "query_count": 1000,
    "sha256": "4565da2063dd0966fa4ce7fd52fd5981b93bc72479bfb628bc1f7b4465e601d8"
  }
}
elasticsearch threads= 1 num_candidates=  64 qps=    376.35 recall@10=0.9588
elasticsearch threads= 1 num_candidates= 128 qps=    253.78 recall@10=0.9731
elasticsearch threads= 1 num_candidates= 256 qps=    151.82 recall@10=0.9807
elasticsearch threads= 1 num_candidates= 512 qps=     87.43 recall@10=0.9871
elasticsearch threads= 1 num_candidates=1000 qps=     50.25 recall@10=0.9901
elasticsearch threads= 1 num_candidates=2000 qps=     27.87 recall@10=0.9932
elasticsearch threads= 4 num_candidates=  64 qps=   1106.38 recall@10=0.9588
elasticsearch threads= 4 num_candidates= 128 qps=    838.22 recall@10=0.9731
elasticsearch threads= 4 num_candidates= 256 qps=    594.42 recall@10=0.9807
elasticsearch threads= 4 num_candidates= 512 qps=    358.04 recall@10=0.9871
elasticsearch threads= 4 num_candidates=1000 qps=    213.85 recall@10=0.9901
elasticsearch threads= 4 num_candidates=2000 qps=    116.90 recall@10=0.9932
elasticsearch threads= 8 num_candidates=  64 qps=   1416.52 recall@10=0.9588
elasticsearch threads= 8 num_candidates= 128 qps=   1309.24 recall@10=0.9731
elasticsearch threads= 8 num_candidates= 256 qps=    994.93 recall@10=0.9807
elasticsearch threads= 8 num_candidates= 512 qps=    625.69 recall@10=0.9871
elasticsearch threads= 8 num_candidates=1000 qps=    408.74 recall@10=0.9901
elasticsearch threads= 8 num_candidates=2000 qps=    242.44 recall@10=0.9932
elasticsearch threads=16 num_candidates=  64 qps=   1466.85 recall@10=0.9588
elasticsearch threads=16 num_candidates= 128 qps=   1439.88 recall@10=0.9731
elasticsearch threads=16 num_candidates= 256 qps=   1161.57 recall@10=0.9807
elasticsearch threads=16 num_candidates= 512 qps=    742.27 recall@10=0.9871
elasticsearch threads=16 num_candidates=1000 qps=    453.74 recall@10=0.9901
elasticsearch threads=16 num_candidates=2000 qps=    254.45 recall@10=0.9932
+ echo RESCORE_DONE_cohere_ov5
RESCORE_DONE_cohere_ov5
+ echo RESCORE_COHERE_EXIT=0
RESCORE_COHERE_EXIT=0
+ run_rescore gist /tmp/gist-960-euclidean.hdf5 gist-960-hnsw-bbq
+ local tag=gist dataset=/tmp/gist-960-euclidean.hdf5 es_index=gist-960-hnsw-bbq
+ export ZVEC_BENCH_DATASET=/tmp/gist-960-euclidean.hdf5
+ ZVEC_BENCH_DATASET=/tmp/gist-960-euclidean.hdf5
+ export ZVEC_BENCH_ES_INDEX=gist-960-hnsw-bbq
+ ZVEC_BENCH_ES_INDEX=gist-960-hnsw-bbq
+ export ZVEC_BENCH_WORK_DIR=/home/jiliang.ljl/benchmark-results/2026-08-11/hnsw_rabitq/gist/one-bit
+ ZVEC_BENCH_WORK_DIR=/home/jiliang.ljl/benchmark-results/2026-08-11/hnsw_rabitq/gist/one-bit
+ for ov in 2 3 5
+ local vals=32,64,128,256,512,1000,2000
+ '[' 2 = 5 ']'
+ bash tools/benchmark/hnsw_rabitq_vs_es/run_comparison.sh search --engines elasticsearch --es-rescore-oversample 2 --search-values 32,64,128,256,512,1000,2000
ACTION=search
DATASET=/tmp/gist-960-euclidean.hdf5
WORK_DIR=/home/jiliang.ljl/benchmark-results/2026-08-11/hnsw_rabitq/gist/one-bit
BENCH_CPUS=0,2,4,6,8,10,12,14
PYTHON=/home/jiliang.ljl/.conda/envs/venv/bin/python
ENGINES=elasticsearch
ES_URL=http://127.0.0.1:19200
ES_INDEX=gist-960-hnsw-bbq
ZVEC_TOTAL_BITS=1
ZVEC_REFINE=0
ES_RESCORE_OVERSAMPLE=2
ALLOW_DATASET_RELOCATION=0
Elasticsearch container is already running: zvec-es-bbq-benchmark-8-18
Elasticsearch is ready: http://127.0.0.1:19200
+ taskset -c 0\,2\,4\,6\,8\,10\,12\,14 /home/jiliang.ljl/.conda/envs/venv/bin/python /home/jiliang.ljl/project/zvec/tools/benchmark/hnsw_rabitq_vs_es/benchmark.py --dataset /tmp/gist-960-euclidean.hdf5 --work-dir /home/jiliang.ljl/benchmark-results/2026-08-11/hnsw_rabitq/gist/one-bit --m 16 --ef-construction 100 --build-threads 8 --search-values 32\,64\,128\,256\,512\,1000\,2000 --search-threads 1\,4\,8\,16 --duration-seconds 10 --repeats 3 --warmup-queries 1000 --mode search --engines elasticsearch --es-url http://127.0.0.1:19200 --es-index gist-960-hnsw-bbq --es-rescore-oversample 2
{
  "dataset": {
    "base_count": 1000000,
    "dataset_format": "ann-benchmarks-hdf5",
    "dimension": 960,
    "distance": "euclidean",
    "file_size": 3844648288,
    "groundtruth_k": 100,
    "mtime_ns": 1785816686470551682,
    "path": "/tmp/gist-960-euclidean.hdf5",
    "query_count": 1000,
    "sha256": "8e95831936bfdbfa0a56086942e2cf98cd703517c67f985914183eb4cdbf026a"
  }
}
elasticsearch threads= 1 num_candidates=  32 qps=    615.70 recall@10=0.4584
elasticsearch threads= 1 num_candidates=  64 qps=    493.05 recall@10=0.5829
elasticsearch threads= 1 num_candidates= 128 qps=    365.70 recall@10=0.6892
elasticsearch threads= 1 num_candidates= 256 qps=    248.76 recall@10=0.7802
elasticsearch threads= 1 num_candidates= 512 qps=    159.87 recall@10=0.8492
elasticsearch threads= 1 num_candidates=1000 qps=     98.97 recall@10=0.8994
elasticsearch threads= 1 num_candidates=2000 qps=     58.52 recall@10=0.9354
elasticsearch threads= 4 num_candidates=  32 qps=   1241.64 recall@10=0.4584
elasticsearch threads= 4 num_candidates=  64 qps=   1172.76 recall@10=0.5829
elasticsearch threads= 4 num_candidates= 128 qps=   1030.02 recall@10=0.6892
elasticsearch threads= 4 num_candidates= 256 qps=    823.46 recall@10=0.7802
elasticsearch threads= 4 num_candidates= 512 qps=    601.99 recall@10=0.8492
elasticsearch threads= 4 num_candidates=1000 qps=    394.17 recall@10=0.8994
elasticsearch threads= 4 num_candidates=2000 qps=    237.19 recall@10=0.9354
elasticsearch threads= 8 num_candidates=  32 qps=   1312.11 recall@10=0.4584
elasticsearch threads= 8 num_candidates=  64 qps=   1295.52 recall@10=0.5829
elasticsearch threads= 8 num_candidates= 128 qps=   1277.80 recall@10=0.6892
elasticsearch threads= 8 num_candidates= 256 qps=   1223.89 recall@10=0.7802
elasticsearch threads= 8 num_candidates= 512 qps=    984.49 recall@10=0.8492
elasticsearch threads= 8 num_candidates=1000 qps=    686.62 recall@10=0.8994
elasticsearch threads= 8 num_candidates=2000 qps=    429.29 recall@10=0.9354
elasticsearch threads=16 num_candidates=  32 qps=   1321.82 recall@10=0.4584
elasticsearch threads=16 num_candidates=  64 qps=   1317.33 recall@10=0.5829
elasticsearch threads=16 num_candidates= 128 qps=   1315.69 recall@10=0.6892
elasticsearch threads=16 num_candidates= 256 qps=   1307.00 recall@10=0.7802
elasticsearch threads=16 num_candidates= 512 qps=   1115.82 recall@10=0.8492
elasticsearch threads=16 num_candidates=1000 qps=    765.47 recall@10=0.8994
elasticsearch threads=16 num_candidates=2000 qps=    476.93 recall@10=0.9354
+ echo RESCORE_DONE_gist_ov2
RESCORE_DONE_gist_ov2
+ for ov in 2 3 5
+ local vals=32,64,128,256,512,1000,2000
+ '[' 3 = 5 ']'
+ bash tools/benchmark/hnsw_rabitq_vs_es/run_comparison.sh search --engines elasticsearch --es-rescore-oversample 3 --search-values 32,64,128,256,512,1000,2000
ACTION=search
DATASET=/tmp/gist-960-euclidean.hdf5
WORK_DIR=/home/jiliang.ljl/benchmark-results/2026-08-11/hnsw_rabitq/gist/one-bit
BENCH_CPUS=0,2,4,6,8,10,12,14
PYTHON=/home/jiliang.ljl/.conda/envs/venv/bin/python
ENGINES=elasticsearch
ES_URL=http://127.0.0.1:19200
ES_INDEX=gist-960-hnsw-bbq
ZVEC_TOTAL_BITS=1
ZVEC_REFINE=0
ES_RESCORE_OVERSAMPLE=3
ALLOW_DATASET_RELOCATION=0
Elasticsearch container is already running: zvec-es-bbq-benchmark-8-18
Elasticsearch is ready: http://127.0.0.1:19200
+ taskset -c 0\,2\,4\,6\,8\,10\,12\,14 /home/jiliang.ljl/.conda/envs/venv/bin/python /home/jiliang.ljl/project/zvec/tools/benchmark/hnsw_rabitq_vs_es/benchmark.py --dataset /tmp/gist-960-euclidean.hdf5 --work-dir /home/jiliang.ljl/benchmark-results/2026-08-11/hnsw_rabitq/gist/one-bit --m 16 --ef-construction 100 --build-threads 8 --search-values 32\,64\,128\,256\,512\,1000\,2000 --search-threads 1\,4\,8\,16 --duration-seconds 10 --repeats 3 --warmup-queries 1000 --mode search --engines elasticsearch --es-url http://127.0.0.1:19200 --es-index gist-960-hnsw-bbq --es-rescore-oversample 3
{
  "dataset": {
    "base_count": 1000000,
    "dataset_format": "ann-benchmarks-hdf5",
    "dimension": 960,
    "distance": "euclidean",
    "file_size": 3844648288,
    "groundtruth_k": 100,
    "mtime_ns": 1785816686470551682,
    "path": "/tmp/gist-960-euclidean.hdf5",
    "query_count": 1000,
    "sha256": "8e95831936bfdbfa0a56086942e2cf98cd703517c67f985914183eb4cdbf026a"
  }
}
elasticsearch threads= 1 num_candidates=  32 qps=    553.98 recall@10=0.5337
elasticsearch threads= 1 num_candidates=  64 qps=    420.55 recall@10=0.6480
elasticsearch threads= 1 num_candidates= 128 qps=    293.39 recall@10=0.7459
elasticsearch threads= 1 num_candidates= 256 qps=    194.16 recall@10=0.8236
elasticsearch threads= 1 num_candidates= 512 qps=    121.56 recall@10=0.8816
elasticsearch threads= 1 num_candidates=1000 qps=     74.05 recall@10=0.9233
elasticsearch threads= 1 num_candidates=2000 qps=     43.37 recall@10=0.9521
elasticsearch threads= 4 num_candidates=  32 qps=   1247.48 recall@10=0.5337
elasticsearch threads= 4 num_candidates=  64 qps=   1156.02 recall@10=0.6480
elasticsearch threads= 4 num_candidates= 128 qps=    956.92 recall@10=0.7459
elasticsearch threads= 4 num_candidates= 256 qps=    730.48 recall@10=0.8236
elasticsearch threads= 4 num_candidates= 512 qps=    493.60 recall@10=0.8816
elasticsearch threads= 4 num_candidates=1000 qps=    310.81 recall@10=0.9233
elasticsearch threads= 4 num_candidates=2000 qps=    181.60 recall@10=0.9521
elasticsearch threads= 8 num_candidates=  32 qps=   1357.02 recall@10=0.5337
elasticsearch threads= 8 num_candidates=  64 qps=   1349.35 recall@10=0.6480
elasticsearch threads= 8 num_candidates= 128 qps=   1307.23 recall@10=0.7459
elasticsearch threads= 8 num_candidates= 256 qps=   1161.80 recall@10=0.8236
elasticsearch threads= 8 num_candidates= 512 qps=    846.67 recall@10=0.8816
elasticsearch threads= 8 num_candidates=1000 qps=    551.29 recall@10=0.9233
elasticsearch threads= 8 num_candidates=2000 qps=    333.35 recall@10=0.9521
elasticsearch threads=16 num_candidates=  32 qps=   1377.60 recall@10=0.5337
elasticsearch threads=16 num_candidates=  64 qps=   1375.98 recall@10=0.6480
elasticsearch threads=16 num_candidates= 128 qps=   1372.03 recall@10=0.7459
elasticsearch threads=16 num_candidates= 256 qps=   1307.47 recall@10=0.8236
elasticsearch threads=16 num_candidates= 512 qps=    952.20 recall@10=0.8816
elasticsearch threads=16 num_candidates=1000 qps=    620.62 recall@10=0.9233
elasticsearch threads=16 num_candidates=2000 qps=    372.58 recall@10=0.9521
+ echo RESCORE_DONE_gist_ov3
RESCORE_DONE_gist_ov3
+ for ov in 2 3 5
+ local vals=32,64,128,256,512,1000,2000
+ '[' 5 = 5 ']'
+ vals=64,128,256,512,1000,2000
+ bash tools/benchmark/hnsw_rabitq_vs_es/run_comparison.sh search --engines elasticsearch --es-rescore-oversample 5 --search-values 64,128,256,512,1000,2000
ACTION=search
DATASET=/tmp/gist-960-euclidean.hdf5
WORK_DIR=/home/jiliang.ljl/benchmark-results/2026-08-11/hnsw_rabitq/gist/one-bit
BENCH_CPUS=0,2,4,6,8,10,12,14
PYTHON=/home/jiliang.ljl/.conda/envs/venv/bin/python
ENGINES=elasticsearch
ES_URL=http://127.0.0.1:19200
ES_INDEX=gist-960-hnsw-bbq
ZVEC_TOTAL_BITS=1
ZVEC_REFINE=0
ES_RESCORE_OVERSAMPLE=5
ALLOW_DATASET_RELOCATION=0
Elasticsearch container is already running: zvec-es-bbq-benchmark-8-18
Elasticsearch is ready: http://127.0.0.1:19200
+ taskset -c 0\,2\,4\,6\,8\,10\,12\,14 /home/jiliang.ljl/.conda/envs/venv/bin/python /home/jiliang.ljl/project/zvec/tools/benchmark/hnsw_rabitq_vs_es/benchmark.py --dataset /tmp/gist-960-euclidean.hdf5 --work-dir /home/jiliang.ljl/benchmark-results/2026-08-11/hnsw_rabitq/gist/one-bit --m 16 --ef-construction 100 --build-threads 8 --search-values 64\,128\,256\,512\,1000\,2000 --search-threads 1\,4\,8\,16 --duration-seconds 10 --repeats 3 --warmup-queries 1000 --mode search --engines elasticsearch --es-url http://127.0.0.1:19200 --es-index gist-960-hnsw-bbq --es-rescore-oversample 5
{
  "dataset": {
    "base_count": 1000000,
    "dataset_format": "ann-benchmarks-hdf5",
    "dimension": 960,
    "distance": "euclidean",
    "file_size": 3844648288,
    "groundtruth_k": 100,
    "mtime_ns": 1785816686470551682,
    "path": "/tmp/gist-960-euclidean.hdf5",
    "query_count": 1000,
    "sha256": "8e95831936bfdbfa0a56086942e2cf98cd703517c67f985914183eb4cdbf026a"
  }
}
elasticsearch threads= 1 num_candidates=  64 qps=    345.28 recall@10=0.7201
elasticsearch threads= 1 num_candidates= 128 qps=    229.15 recall@10=0.8044
elasticsearch threads= 1 num_candidates= 256 qps=    145.73 recall@10=0.8684
elasticsearch threads= 1 num_candidates= 512 qps=     87.48 recall@10=0.9133
elasticsearch threads= 1 num_candidates=1000 qps=     52.59 recall@10=0.9463
elasticsearch threads= 1 num_candidates=2000 qps=     30.08 recall@10=0.9658
elasticsearch threads= 4 num_candidates=  64 qps=   1026.18 recall@10=0.7201
elasticsearch threads= 4 num_candidates= 128 qps=    802.19 recall@10=0.8044
elasticsearch threads= 4 num_candidates= 256 qps=    563.20 recall@10=0.8684
elasticsearch threads= 4 num_candidates= 512 qps=    356.07 recall@10=0.9133
elasticsearch threads= 4 num_candidates=1000 qps=    215.72 recall@10=0.9463
elasticsearch threads= 4 num_candidates=2000 qps=    123.32 recall@10=0.9658
elasticsearch threads= 8 num_candidates=  64 qps=   1331.10 recall@10=0.7201
elasticsearch threads= 8 num_candidates= 128 qps=   1236.19 recall@10=0.8044
elasticsearch threads= 8 num_candidates= 256 qps=    945.02 recall@10=0.8684
elasticsearch threads= 8 num_candidates= 512 qps=    626.77 recall@10=0.9133
elasticsearch threads= 8 num_candidates=1000 qps=    391.93 recall@10=0.9463
elasticsearch threads= 8 num_candidates=2000 qps=    229.22 recall@10=0.9658
elasticsearch threads=16 num_candidates=  64 qps=   1366.94 recall@10=0.7201
elasticsearch threads=16 num_candidates= 128 qps=   1345.33 recall@10=0.8044
elasticsearch threads=16 num_candidates= 256 qps=   1066.28 recall@10=0.8684
elasticsearch threads=16 num_candidates= 512 qps=    696.56 recall@10=0.9133
elasticsearch threads=16 num_candidates=1000 qps=    436.49 recall@10=0.9463
elasticsearch threads=16 num_candidates=2000 qps=    252.41 recall@10=0.9658
+ echo RESCORE_DONE_gist_ov5
RESCORE_DONE_gist_ov5
+ echo RESCORE_GIST_EXIT=0
RESCORE_GIST_EXIT=0
+ echo RESCORE_ALL_DONE
RESCORE_ALL_DONE
